// Jest Snapshot v1, https://goo.gl/fbAQLP

exports[`"positive scenarios button snapshot 1`] = `
<button
  class="group relative w-full flex justify-center py-2 px-4 border border-transparent text-sm font-medium rounded-md text-white bg-indigo-600  focus:outline-none focus:ring-2 focus:ring-offset-2 hover:bg-indigo-700 focus:ring-indigo-500 disabled:bg-gray-500"
>
  Sign In
</button>
`;
